[bgf-records.000webhostapp.com/index.html]
[backblue.gif]
[fade.gif]
[index.html]
[bgf-records.000webhostapp.com/js/maind9d0.js]
[bgf-records.000webhostapp.com/css/bootstrap.min.css]
[bgf-records.000webhostapp.com/js/bootstrap.min.js]
[bgf-records.000webhostapp.com/css/font-awesome/font-awesome.min3e6e.css]
[bgf-records.000webhostapp.com/css/commonadc0.css]
[bgf-records.000webhostapp.com/js/jquery-1.11.3.min.js]
[bgf-records.000webhostapp.com/css/1adc0.css]
[bgf-records.000webhostapp.com/gallery/untitled-1-ts1511036376.png]
[bgf-records.000webhostapp.com/css/site0c88.css]
[bgf-records.000webhostapp.com/gallery_gen/12e32855d16834a0a292658f5d28c77c_310x210.png]
[bgf-records.000webhostapp.com/gallery_gen/a5a28740ccfcf5b107fc30abbf068e48_510x220.png]
[bgf-records.000webhostapp.com/English/index.html]
[bgf-records.000webhostapp.com/gallery_gen/a5736d591ca4d5802c7e5b20568733e5_510x220.png]
[bgf-records.000webhostapp.com/Russian/index.html]
[raw.githubusercontent.com/000webhost/logo/e9bd13f7/footer-powered-by-000webhost-white2.png]
[bgf-records.000webhostapp.com/index.html]
[bgf-records.000webhostapp.com/fonts/glyphicons-halflings-regular.woff]
[bgf-records.000webhostapp.com/css/bootstrap.min.css]
[bgf-records.000webhostapp.com/fonts/glyphicons-halflings-regulard41d.eot]
[bgf-records.000webhostapp.com/css/fonts/fontawesome-webfont3e6e.woff]
[bgf-records.000webhostapp.com/css/fonts/fontawesome-webfont3e6e.ttf]
[bgf-records.000webhostapp.com/fonts/glyphicons-halflings-regular.svg]
[bgf-records.000webhostapp.com/css/font-awesome/font-awesome.min3e6e.css]
[bgf-records.000webhostapp.com/css/fonts/Capture it.ttf]
[bgf-records.000webhostapp.com/img/hlight_bg.1b.delayed]
[bgf-records.000webhostapp.com/img/gallery.empty.gif]
[bgf-records.000webhostapp.com/img/icon-logo.png]
[bgf-records.000webhostapp.com/img/flags_matrix.png]
[bgf-records.000webhostapp.com/img/store-arrow.png]
[bgf-records.000webhostapp.com/css/site0c88.css]
[bgf-records.000webhostapp.com/css/commonadc0.css]
[bgf-records.000webhostapp.com/gallery_gen/2079e2d8aeb6ea9873df4cce6fa5f8ee.jpg]
[bgf-records.000webhostapp.com/css/fonts/fontawesome-webfontd41d.eot]
[bgf-records.000webhostapp.com/css/1adc0.css]
[bgf-records.000webhostapp.com/English.html]
[bgf-records.000webhostapp.com/css/2adc0.css]
[bgf-records.000webhostapp.com/gallery_gen/12e32855d16834a0a292658f5d28c77c_200x130.png]
[bgf-records.000webhostapp.com/gallery_gen/52f8c8093311b65814a5275a2ace611b_200x60.png]
[bgf-records.000webhostapp.com/gallery_gen/10c91fa524adcb201f5e15d24d9bb93f_170x220.png]
[bgf-records.000webhostapp.com/gallery_gen/a7d47ca438d2e38df6a4af1f1917dcc6_250x220.png]
[bgf-records.000webhostapp.com/gallery_gen/9c0399b21a76bf6038695cbc48ac7a1f_180x60.png]
[bgf-records.000webhostapp.com/gallery_gen/80001f4242a59db3511f90bd2b1338c8_200x73.png]
[bgf-records.000webhostapp.com/gallery_gen/2442b82c78f6cfaf31f5d87160538be2_230x220.png]
[bgf-records.000webhostapp.com/gallery_gen/d1fdd58615987930922a31c957c72a66_220x220.png]
[bgf-records.000webhostapp.com/gallery_gen/9c2a93ed744d483e790a1d7631531831_500x350.png]
[bgf-records.000webhostapp.com/gallery_gen/ccfbb72f911fee89a3d56d1852cb6ceb_410x140.png]
[bgf-records.000webhostapp.com/gallery_gen/745acb0b76e546642bc7f3937dae10f5_500x350.png]
[bgf-records.000webhostapp.com/English/index.html]
[bgf-records.000webhostapp.com/Russian.html]
[bgf-records.000webhostapp.com/gallery_gen/983ab8f4dda3a6e1e0dd3e6473f47c50_200x70.png]
[bgf-records.000webhostapp.com/gallery_gen/a7d47ca438d2e38df6a4af1f1917dcc6_240x210.png]
[bgf-records.000webhostapp.com/gallery_gen/2442b82c78f6cfaf31f5d87160538be2_220x210.png]
[bgf-records.000webhostapp.com/gallery_gen/53ef14ecc86a5cec788e1ba4614280fc_290x40.png]
[bgf-records.000webhostapp.com/gallery_gen/d1fdd58615987930922a31c957c72a66_210x210.png]
[bgf-records.000webhostapp.com/gallery_gen/4ace84927b8aa40e151cb5cf99aaa874_210x210.png]
[bgf-records.000webhostapp.com/gallery_gen/9ab105751a9e27ae8fcb7e0770a3c7a0_250x40.png]
[bgf-records.000webhostapp.com/gallery_gen/da4f513e0de6964fd33961815de7a15f_80x40.png]
[bgf-records.000webhostapp.com/gallery_gen/6451aae1c997a5689f0df03544c22889_80x40.png]
[bgf-records.000webhostapp.com/gallery_gen/ad93a21d1711bd188cc7936be186902c_360x60.png]
[bgf-records.000webhostapp.com/gallery_gen/d5c58091d2006b69e473ad288a6cf454_360x250.png]
[bgf-records.000webhostapp.com/gallery_gen/11139224ea610236c63741a3c3fd4505_343.75x250.png]
[bgf-records.000webhostapp.com/gallery_gen/0e4a4c129b7950f5c9151f95ad9f0c51_200x40.png]
[bgf-records.000webhostapp.com/Russian/index.html]
[bgf-records.000webhostapp.com/fonts/glyphicons-halflings-regular.html]
[bgf-records.000webhostapp.com/fonts/glyphicons-halflings-regular.ttf]
[bgf-records.000webhostapp.com/fonts/glyphicons-halflings-regular.svg]
[bgf-records.000webhostapp.com/css/fonts/fontawesome-webfont3e6e.html]
[bgf-records.000webhostapp.com/fonts/glyphicons-halflings-regular.eot]
[bgf-records.000webhostapp.com/css/fonts/fontawesome-webfont3e6e.svg]
[bgf-records.000webhostapp.com/img/hlight_bg.html]
[bgf-records.000webhostapp.com/img/gallery.empty.html]
[bgf-records.000webhostapp.com/img/icon-logo.html]
[bgf-records.000webhostapp.com/img/flags_matrix.html]
[bgf-records.000webhostapp.com/img/store-arrow.html]
[bgf-records.000webhostapp.com/English.html]
[bgf-records.000webhostapp.com/css/2adc0.css]
[bgf-records.000webhostapp.com/Language/index.html]
[bgf-records.000webhostapp.com/gallery_gen/600e4ffb59edd5bdd42b1c0c8c39ec2f_210x220.png]
[bgf-records.000webhostapp.com/gallery_gen/21380ceee0d8a58a16d68599bfd3ab94_300x100.png]
[bgf-records.000webhostapp.com/gallery_gen/33e974665f5f9f31275aba9cbde71157_350x120.png]
[bgf-records.000webhostapp.com/gallery_gen/bc3b897764dce50fed517b858b803a36_500x350.png]
[bgf-records.000webhostapp.com/Russian.html]
[bgf-records.000webhostapp.com/gallery_gen/d6533a6cdc1b53fefaf8447caf3893e5_200x50.png]
[bgf-records.000webhostapp.com/gallery_gen/3761ffdf1337d8323ea7c79f70e102ae_150x40.png]
[bgf-records.000webhostapp.com/gallery_gen/600e4ffb59edd5bdd42b1c0c8c39ec2f_200x210.png]
[bgf-records.000webhostapp.com/css/3adc0.css]
[bgf-records.000webhostapp.com/gallery_gen/71742a745257ba0e70992c5b920ce181_340x250.png]
[bgf-records.000webhostapp.com/gallery_gen/745acb0b76e546642bc7f3937dae10f5_330x240.png]
[bgf-records.000webhostapp.com/css/fonts/fontawesome-webfont3e6e.svg]
[bgf-records.000webhostapp.com/css/3adc0.css]
[bgf-records.000webhostapp.com/css/fonts/fontawesome-webfont3e6e.eot]
